[32m[Nest] 14784  - [39m03/14/2026, 9:23:19 AM [32m    LOG[39m [38;5;3m[NestFactory] [39m[32mStarting Nest application...[39m
[32m[Nest] 14784  - [39m03/14/2026, 9:23:19 AM [32m    LOG[39m [38;5;3m[InstanceLoader] [39m[32mAppModule dependencies initialized[39m[38;5;3m +159ms[39m
[32m[Nest] 14784  - [39m03/14/2026, 9:23:19 AM [32m    LOG[39m [38;5;3m[InstanceLoader] [39m[32mSecurityModule dependencies initialized[39m[38;5;3m +2ms[39m
[32m[Nest] 14784  - [39m03/14/2026, 9:23:19 AM [32m    LOG[39m [38;5;3m[InstanceLoader] [39m[32mTwoFAModule dependencies initialized[39m[38;5;3m +2ms[39m
[32m[Nest] 14784  - [39m03/14/2026, 9:23:19 AM [32m    LOG[39m [38;5;3m[InstanceLoader] [39m[32mAuthModule dependencies initialized[39m[38;5;3m +2ms[39m
[32m[Nest] 14784  - [39m03/14/2026, 9:23:19 AM [32m    LOG[39m [38;5;3m[InstanceLoader] [39m[32mAccountsModule dependencies initialized[39m[38;5;3m +1ms[39m
[32m[Nest] 14784  - [39m03/14/2026, 9:23:19 AM [32m    LOG[39m [38;5;3m[InstanceLoader] [39m[32mTransferModule dependencies initialized[39m[38;5;3m +0ms[39m
[32m[Nest] 14784  - [39m03/14/2026, 9:23:19 AM [32m    LOG[39m [38;5;3m[InstanceLoader] [39m[32mVaultsModule dependencies initialized[39m[38;5;3m +1ms[39m
[32m[Nest] 14784  - [39m03/14/2026, 9:23:19 AM [32m    LOG[39m [38;5;3m[InstanceLoader] [39m[32mInvestmentsModule dependencies initialized[39m[38;5;3m +0ms[39m
[32m[Nest] 14784  - [39m03/14/2026, 9:23:19 AM [32m    LOG[39m [38;5;3m[InstanceLoader] [39m[32mInsightsModule dependencies initialized[39m[38;5;3m +1ms[39m
[32m[Nest] 14784  - [39m03/14/2026, 9:23:19 AM [32m    LOG[39m [38;5;3m[InstanceLoader] [39m[32mAdminModule dependencies initialized[39m[38;5;3m +0ms[39m
[32m[Nest] 14784  - [39m03/14/2026, 9:23:19 AM [32m    LOG[39m [38;5;3m[InstanceLoader] [39m[32mNotificationModule dependencies initialized[39m[38;5;3m +1ms[39m
[32m[Nest] 14784  - [39m03/14/2026, 9:23:19 AM [32m    LOG[39m [38;5;3m[InstanceLoader] [39m[32mProfileModule dependencies initialized[39m[38;5;3m +0ms[39m
[32m[Nest] 14784  - [39m03/14/2026, 9:23:19 AM [32m    LOG[39m [38;5;3m[RoutesResolver] [39m[32mAuthController {/auth}:[39m[38;5;3m +7ms[39m
[32m[Nest] 14784  - [39m03/14/2026, 9:23:19 AM [32m    LOG[39m [38;5;3m[RouterExplorer] [39m[32mMapped {/auth/login, POST} route[39m[38;5;3m +3ms[39m
[32m[Nest] 14784  - [39m03/14/2026, 9:23:19 AM [32m    LOG[39m [38;5;3m[RoutesResolver] [39m[32mAccountsController {/accounts}:[39m[38;5;3m +1ms[39m
[32m[Nest] 14784  - [39m03/14/2026, 9:23:19 AM [32m    LOG[39m [38;5;3m[RouterExplorer] [39m[32mMapped {/accounts, GET} route[39m[38;5;3m +0ms[39m
[32m[Nest] 14784  - [39m03/14/2026, 9:23:19 AM [32m    LOG[39m [38;5;3m[RouterExplorer] [39m[32mMapped {/accounts/:id, GET} route[39m[38;5;3m +2ms[39m
[32m[Nest] 14784  - [39m03/14/2026, 9:23:19 AM [32m    LOG[39m [38;5;3m[RouterExplorer] [39m[32mMapped {/accounts, POST} route[39m[38;5;3m +1ms[39m
[32m[Nest] 14784  - [39m03/14/2026, 9:23:19 AM [32m    LOG[39m [38;5;3m[RouterExplorer] [39m[32mMapped {/accounts/:id/deposit, POST} route[39m[38;5;3m +1ms[39m
[32m[Nest] 14784  - [39m03/14/2026, 9:23:19 AM [32m    LOG[39m [38;5;3m[RouterExplorer] [39m[32mMapped {/accounts/:id/withdraw, POST} route[39m[38;5;3m +1ms[39m
[32m[Nest] 14784  - [39m03/14/2026, 9:23:19 AM [32m    LOG[39m [38;5;3m[RouterExplorer] [39m[32mMapped {/accounts/transfer, POST} route[39m[38;5;3m +1ms[39m
[32m[Nest] 14784  - [39m03/14/2026, 9:23:19 AM [32m    LOG[39m [38;5;3m[RouterExplorer] [39m[32mMapped {/accounts/:id/freeze, PATCH} route[39m[38;5;3m +1ms[39m
[32m[Nest] 14784  - [39m03/14/2026, 9:23:19 AM [32m    LOG[39m [38;5;3m[RouterExplorer] [39m[32mMapped {/accounts/:id/close, PATCH} route[39m[38;5;3m +1ms[39m
[32m[Nest] 14784  - [39m03/14/2026, 9:23:19 AM [32m    LOG[39m [38;5;3m[RouterExplorer] [39m[32mMapped {/accounts/:id/transactions, GET} route[39m[38;5;3m +1ms[39m
[32m[Nest] 14784  - [39m03/14/2026, 9:23:19 AM [32m    LOG[39m [38;5;3m[RouterExplorer] [39m[32mMapped {/accounts/transactions/all, GET} route[39m[38;5;3m +0ms[39m
[32m[Nest] 14784  - [39m03/14/2026, 9:23:19 AM [32m    LOG[39m [38;5;3m[RoutesResolver] [39m[32mTransferController {/transfer}:[39m[38;5;3m +1ms[39m
[32m[Nest] 14784  - [39m03/14/2026, 9:23:19 AM [32m    LOG[39m [38;5;3m[RouterExplorer] [39m[32mMapped {/transfer, POST} route[39m[38;5;3m +1ms[39m
[32m[Nest] 14784  - [39m03/14/2026, 9:23:19 AM [32m    LOG[39m [38;5;3m[RouterExplorer] [39m[32mMapped {/transfer/:id/complete, PATCH} route[39m[38;5;3m +0ms[39m
[32m[Nest] 14784  - [39m03/14/2026, 9:23:19 AM [32m    LOG[39m [38;5;3m[RouterExplorer] [39m[32mMapped {/transfer/:id/fail, PATCH} route[39m[38;5;3m +1ms[39m
[32m[Nest] 14784  - [39m03/14/2026, 9:23:19 AM [32m    LOG[39m [38;5;3m[RouterExplorer] [39m[32mMapped {/transfer/:id/reverse, PATCH} route[39m[38;5;3m +1ms[39m
[32m[Nest] 14784  - [39m03/14/2026, 9:23:19 AM [32m    LOG[39m [38;5;3m[RouterExplorer] [39m[32mMapped {/transfer/:id, GET} route[39m[38;5;3m +0ms[39m
[32m[Nest] 14784  - [39m03/14/2026, 9:23:19 AM [32m    LOG[39m [38;5;3m[RouterExplorer] [39m[32mMapped {/transfer/account/:accountId, GET} route[39m[38;5;3m +1ms[39m
[32m[Nest] 14784  - [39m03/14/2026, 9:23:19 AM [32m    LOG[39m [38;5;3m[RouterExplorer] [39m[32mMapped {/transfer, GET} route[39m[38;5;3m +0ms[39m
[32m[Nest] 14784  - [39m03/14/2026, 9:23:19 AM [32m    LOG[39m [38;5;3m[RoutesResolver] [39m[32mVaultsController {/vaults}:[39m[38;5;3m +0ms[39m
[32m[Nest] 14784  - [39m03/14/2026, 9:23:19 AM [32m    LOG[39m [38;5;3m[RouterExplorer] [39m[32mMapped {/vaults, GET} route[39m[38;5;3m +1ms[39m
[32m[Nest] 14784  - [39m03/14/2026, 9:23:19 AM [32m    LOG[39m [38;5;3m[RouterExplorer] [39m[32mMapped {/vaults/:id, GET} route[39m[38;5;3m +0ms[39m
[32m[Nest] 14784  - [39m03/14/2026, 9:23:19 AM [32m    LOG[39m [38;5;3m[RouterExplorer] [39m[32mMapped {/vaults, POST} route[39m[38;5;3m +1ms[39m
[32m[Nest] 14784  - [39m03/14/2026, 9:23:19 AM [32m    LOG[39m [38;5;3m[RouterExplorer] [39m[32mMapped {/vaults/:id/fund, POST} route[39m[38;5;3m +0ms[39m
[32m[Nest] 14784  - [39m03/14/2026, 9:23:19 AM [32m    LOG[39m [38;5;3m[RouterExplorer] [39m[32mMapped {/vaults/:id/withdraw, POST} route[39m[38;5;3m +1ms[39m
[32m[Nest] 14784  - [39m03/14/2026, 9:23:19 AM [32m    LOG[39m [38;5;3m[RouterExplorer] [39m[32mMapped {/vaults/:id/close, PATCH} route[39m[38;5;3m +0ms[39m
[32m[Nest] 14784  - [39m03/14/2026, 9:23:19 AM [32m    LOG[39m [38;5;3m[RouterExplorer] [39m[32mMapped {/vaults/:id/archive, PATCH} route[39m[38;5;3m +1ms[39m
[32m[Nest] 14784  - [39m03/14/2026, 9:23:19 AM [32m    LOG[39m [38;5;3m[RouterExplorer] [39m[32mMapped {/vaults/:id/transactions, GET} route[39m[38;5;3m +0ms[39m
[32m[Nest] 14784  - [39m03/14/2026, 9:23:19 AM [32m    LOG[39m [38;5;3m[RouterExplorer] [39m[32mMapped {/vaults/transactions/all, GET} route[39m[38;5;3m +1ms[39m
[32m[Nest] 14784  - [39m03/14/2026, 9:23:19 AM [32m    LOG[39m [38;5;3m[RoutesResolver] [39m[32mInvestmentsController {/investments}:[39m[38;5;3m +0ms[39m
[32m[Nest] 14784  - [39m03/14/2026, 9:23:19 AM [32m    LOG[39m [38;5;3m[RouterExplorer] [39m[32mMapped {/investments, GET} route[39m[38;5;3m +0ms[39m
[32m[Nest] 14784  - [39m03/14/2026, 9:23:19 AM [32m    LOG[39m [38;5;3m[RouterExplorer] [39m[32mMapped {/investments/:id, GET} route[39m[38;5;3m +1ms[39m
[32m[Nest] 14784  - [39m03/14/2026, 9:23:19 AM [32m    LOG[39m [38;5;3m[RouterExplorer] [39m[32mMapped {/investments, POST} route[39m[38;5;3m +0ms[39m
[32m[Nest] 14784  - [39m03/14/2026, 9:23:19 AM [32m    LOG[39m [38;5;3m[RouterExplorer] [39m[32mMapped {/investments/:id/buy, POST} route[39m[38;5;3m +1ms[39m
[32m[Nest] 14784  - [39m03/14/2026, 9:23:19 AM [32m    LOG[39m [38;5;3m[RouterExplorer] [39m[32mMapped {/investments/:id/sell, POST} route[39m[38;5;3m +0ms[39m
[32m[Nest] 14784  - [39m03/14/2026, 9:23:19 AM [32m    LOG[39m [38;5;3m[RouterExplorer] [39m[32mMapped {/investments/:id/close, PATCH} route[39m[38;5;3m +0ms[39m
[32m[Nest] 14784  - [39m03/14/2026, 9:23:19 AM [32m    LOG[39m [38;5;3m[RouterExplorer] [39m[32mMapped {/investments/:id/transactions, GET} route[39m[38;5;3m +1ms[39m
[32m[Nest] 14784  - [39m03/14/2026, 9:23:19 AM [32m    LOG[39m [38;5;3m[RouterExplorer] [39m[32mMapped {/investments/transactions/all, GET} route[39m[38;5;3m +0ms[39m
[32m[Nest] 14784  - [39m03/14/2026, 9:23:19 AM [32m    LOG[39m [38;5;3m[RoutesResolver] [39m[32mInsightsController {/insights}:[39m[38;5;3m +0ms[39m
[32m[Nest] 14784  - [39m03/14/2026, 9:23:19 AM [32m    LOG[39m [38;5;3m[RouterExplorer] [39m[32mMapped {/insights, GET} route[39m[38;5;3m +1ms[39m
[32m[Nest] 14784  - [39m03/14/2026, 9:23:19 AM [32m    LOG[39m [38;5;3m[RoutesResolver] [39m[32mAdminController {/admin}:[39m[38;5;3m +0ms[39m
[32m[Nest] 14784  - [39m03/14/2026, 9:23:19 AM [32m    LOG[39m [38;5;3m[RouterExplorer] [39m[32mMapped {/admin/users, GET} route[39m[38;5;3m +1ms[39m
[32m[Nest] 14784  - [39m03/14/2026, 9:23:19 AM [32m    LOG[39m [38;5;3m[RouterExplorer] [39m[32mMapped {/admin/users/:id/freeze, PATCH} route[39m[38;5;3m +1ms[39m
[32m[Nest] 14784  - [39m03/14/2026, 9:23:19 AM [32m    LOG[39m [38;5;3m[RouterExplorer] [39m[32mMapped {/admin/users/:id/fund, PATCH} route[39m[38;5;3m +0ms[39m
[32m[Nest] 14784  - [39m03/14/2026, 9:23:19 AM [32m    LOG[39m [38;5;3m[RouterExplorer] [39m[32mMapped {/admin/analytics, GET} route[39m[38;5;3m +0ms[39m
[32m[Nest] 14784  - [39m03/14/2026, 9:23:19 AM [32m    LOG[39m [38;5;3m[RoutesResolver] [39m[32mTwoFAController {/2fa}:[39m[38;5;3m +1ms[39m
[32m[Nest] 14784  - [39m03/14/2026, 9:23:19 AM [32m    LOG[39m [38;5;3m[RouterExplorer] [39m[32mMapped {/2fa/setup, POST} route[39m[38;5;3m +0ms[39m
[32m[Nest] 14784  - [39m03/14/2026, 9:23:19 AM [32m    LOG[39m [38;5;3m[RouterExplorer] [39m[32mMapped {/2fa/enable, POST} route[39m[38;5;3m +0ms[39m
[32m[Nest] 14784  - [39m03/14/2026, 9:23:19 AM [32m    LOG[39m [38;5;3m[RouterExplorer] [39m[32mMapped {/2fa/verify, POST} route[39m[38;5;3m +1ms[39m
[32m[Nest] 14784  - [39m03/14/2026, 9:23:19 AM [32m    LOG[39m [38;5;3m[RoutesResolver] [39m[32mNotificationController {/notifications}:[39m[38;5;3m +0ms[39m
[32m[Nest] 14784  - [39m03/14/2026, 9:23:19 AM [32m    LOG[39m [38;5;3m[RouterExplorer] [39m[32mMapped {/notifications, GET} route[39m[38;5;3m +0ms[39m
[32m[Nest] 14784  - [39m03/14/2026, 9:23:19 AM [32m    LOG[39m [38;5;3m[RouterExplorer] [39m[32mMapped {/notifications, POST} route[39m[38;5;3m +1ms[39m
[32m[Nest] 14784  - [39m03/14/2026, 9:23:19 AM [32m    LOG[39m [38;5;3m[RouterExplorer] [39m[32mMapped {/notifications/:id/read, POST} route[39m[38;5;3m +0ms[39m
[32m[Nest] 14784  - [39m03/14/2026, 9:23:19 AM [32m    LOG[39m [38;5;3m[RouterExplorer] [39m[32mMapped {/notifications/:id/delete, POST} route[39m[38;5;3m +0ms[39m
[32m[Nest] 14784  - [39m03/14/2026, 9:23:19 AM [32m    LOG[39m [38;5;3m[RouterExplorer] [39m[32mMapped {/notifications/all, GET} route[39m[38;5;3m +1ms[39m
[32m[Nest] 14784  - [39m03/14/2026, 9:23:19 AM [32m    LOG[39m [38;5;3m[RoutesResolver] [39m[32mProfileController {/profile}:[39m[38;5;3m +0ms[39m
[32m[Nest] 14784  - [39m03/14/2026, 9:23:19 AM [32m    LOG[39m [38;5;3m[RouterExplorer] [39m[32mMapped {/profile, POST} route[39m[38;5;3m +0ms[39m
[32m[Nest] 14784  - [39m03/14/2026, 9:23:19 AM [32m    LOG[39m [38;5;3m[RouterExplorer] [39m[32mMapped {/profile/:userId, GET} route[39m[38;5;3m +0ms[39m
[32m[Nest] 14784  - [39m03/14/2026, 9:23:19 AM [32m    LOG[39m [38;5;3m[RouterExplorer] [39m[32mMapped {/profile/:userId, PATCH} route[39m[38;5;3m +1ms[39m
[32m[Nest] 14784  - [39m03/14/2026, 9:23:19 AM [32m    LOG[39m [38;5;3m[RouterExplorer] [39m[32mMapped {/profile/:userId, DELETE} route[39m[38;5;3m +0ms[39m
[32m[Nest] 14784  - [39m03/14/2026, 9:23:19 AM [32m    LOG[39m [38;5;3m[NestApplication] [39m[32mNest application successfully started[39m[38;5;3m +3ms[39m
[32m[Nest] 14784  - [39m03/14/2026, 9:24:42 AM [32m    LOG[39m [38;5;3m[AuthService] [39m[32m[2026-03-14T16:24:42.134Z] [login_failed] [admin@aurixbank.com] User not found[39m
[32m[Nest] 14784  - [39m03/14/2026, 9:25:48 AM [32m    LOG[39m [38;5;3m[AuthService] [39m[32m[2026-03-14T16:25:48.750Z] [login_failed] [admin@aurixbank.com] User not found[39m
[32m[Nest] 14784  - [39m03/14/2026, 9:25:50 AM [32m    LOG[39m [38;5;3m[AuthService] [39m[32m[2026-03-14T16:25:50.721Z] [login_failed] [admin@aurixbank.com] User not found[39m
[32m[Nest] 14784  - [39m03/14/2026, 9:25:57 AM [32m    LOG[39m [38;5;3m[AuthService] [39m[32m[2026-03-14T16:25:57.964Z] [login_failed] [admin@aurixbank.com] User not found[39m
